Matplotlib created a temporary config/cache directory at /tmp/matplotlib-_aoazwmm because the default path (/home/h/Hannah.Lange/.config/matplotlib) is not a writable directory; it is highly recommended to set the MPLCONFIGDIR environment variable to a writable directory, in particular to speed up the import of Matplotlib and to better support multiprocessing.
Matplotlib is building the font cache; this may take a moment.
Start measurement of GHZ(100 configurations).
0 samples generated.
16 samples generated.
32 samples generated.
48 samples generated.
64 samples generated.
80 samples generated.
Bases, training bases, training samples and target statevector are saved in the folder: Training_data/Test
Bases, training bases, training samples and target statevector are saved in the folder: Training_data/../
Learn Training_data/Test: 96 samples.
Epoch: 100	KL = 1.823217	fidelity = 0.017448
Epoch: 200	KL = 1.752747	fidelity = 0.019891
Epoch: 300	KL = 1.677982	fidelity = 0.024290
Epoch: 400	KL = 1.557883	fidelity = 0.027780
Epoch: 500	KL = 1.454632	fidelity = 0.030118
Epoch: 600	KL = 1.351537	fidelity = 0.037525
Epoch: 700	KL = 1.292515	fidelity = 0.046572
Epoch: 800	KL = 1.226950	fidelity = 0.056416
Epoch: 900	KL = 1.184313	fidelity = 0.069579
Epoch: 1000	KL = 1.153039	fidelity = 0.077560
Epoch: 1100	KL = 1.121081	fidelity = 0.087670
Epoch: 1200	KL = 1.107066	fidelity = 0.091637
Epoch: 1300	KL = 1.083172	fidelity = 0.100275
Epoch: 1400	KL = 1.069590	fidelity = 0.106006
Epoch: 1500	KL = 1.044681	fidelity = 0.116631
Epoch: 1600	KL = 1.040410	fidelity = 0.119647
Epoch: 1700	KL = 1.025815	fidelity = 0.124998
Epoch: 1800	KL = 1.012461	fidelity = 0.131267
Epoch: 1900	KL = 1.013191	fidelity = 0.131693
Epoch: 2000	KL = 1.008206	fidelity = 0.132826
Epoch: 2100	KL = 0.994345	fidelity = 0.140583
Epoch: 2200	KL = 0.988951	fidelity = 0.143492
Epoch: 2300	KL = 0.981832	fidelity = 0.147662
Epoch: 2400	KL = 0.971839	fidelity = 0.151330
Epoch: 2500	KL = 0.967248	fidelity = 0.152073
Epoch: 2600	KL = 0.957055	fidelity = 0.159072
Epoch: 2700	KL = 0.956331	fidelity = 0.158865
Epoch: 2800	KL = 0.954514	fidelity = 0.160891
Epoch: 2900	KL = 0.953966	fidelity = 0.160918
Epoch: 3000	KL = 0.955850	fidelity = 0.161291
Epoch: 3100	KL = 0.955881	fidelity = 0.162602
Epoch: 3200	KL = 0.960700	fidelity = 0.160802
Epoch: 3300	KL = 0.962438	fidelity = 0.163661
Epoch: 3400	KL = 0.968710	fidelity = 0.162578
Epoch: 3500	KL = 0.973771	fidelity = 0.160823
Epoch: 3600	KL = 0.975075	fidelity = 0.161228
Epoch: 3700	KL = 0.983654	fidelity = 0.157409
Epoch: 3800	KL = 0.974796	fidelity = 0.160677
Epoch: 3900	KL = 0.970786	fidelity = 0.162015
Epoch: 4000	KL = 0.965257	fidelity = 0.162822
Epoch: 4100	KL = 0.965831	fidelity = 0.160111
Epoch: 4200	KL = 0.961698	fidelity = 0.166209
Epoch: 4300	KL = 0.957459	fidelity = 0.168706
Epoch: 4400	KL = 0.953429	fidelity = 0.169982
Epoch: 4500	KL = 0.949070	fidelity = 0.171810
Epoch: 4600	KL = 0.945258	fidelity = 0.169771
Epoch: 4700	KL = 0.942321	fidelity = 0.174660
Epoch: 4800	KL = 0.938543	fidelity = 0.176131
Epoch: 4900	KL = 0.937208	fidelity = 0.180205
Epoch: 5000	KL = 0.934410	fidelity = 0.175304
Epoch: 5100	KL = 0.930886	fidelity = 0.181593
Epoch: 5200	KL = 0.925352	fidelity = 0.184471
Epoch: 5300	KL = 0.919988	fidelity = 0.186235
Epoch: 5400	KL = 0.910695	fidelity = 0.191876
Epoch: 5500	KL = 0.904604	fidelity = 0.194748
Epoch: 5600	KL = 0.903006	fidelity = 0.191234
Epoch: 5700	KL = 0.894195	fidelity = 0.197586
Epoch: 5800	KL = 0.888000	fidelity = 0.202217
Epoch: 5900	KL = 0.886417	fidelity = 0.200635
Epoch: 6000	KL = 0.881067	fidelity = 0.206764
Epoch: 6100	KL = 0.871787	fidelity = 0.206893
Epoch: 6200	KL = 0.864864	fidelity = 0.211187
Epoch: 6300	KL = 0.859996	fidelity = 0.210930
Epoch: 6400	KL = 0.854215	fidelity = 0.212084
Epoch: 6500	KL = 0.850139	fidelity = 0.212855
Epoch: 6600	KL = 0.844608	fidelity = 0.216759
Epoch: 6700	KL = 0.839647	fidelity = 0.220528
Epoch: 6800	KL = 0.833621	fidelity = 0.222771
Epoch: 6900	KL = 0.827749	fidelity = 0.224904
Epoch: 7000	KL = 0.820093	fidelity = 0.229034
Epoch: 7100	KL = 0.811544	fidelity = 0.237465
Epoch: 7200	KL = 0.807251	fidelity = 0.236842
Epoch: 7300	KL = 0.803279	fidelity = 0.236928
Epoch: 7400	KL = 0.797240	fidelity = 0.238819
Epoch: 7500	KL = 0.790584	fidelity = 0.248410
Epoch: 7600	KL = 0.781877	fidelity = 0.252528
Epoch: 7700	KL = 0.780145	fidelity = 0.251711
Epoch: 7800	KL = 0.775245	fidelity = 0.252550
Epoch: 7900	KL = 0.774920	fidelity = 0.250575
Epoch: 8000	KL = 0.770931	fidelity = 0.256094
Epoch: 8100	KL = 0.766089	fidelity = 0.259782
Epoch: 8200	KL = 0.758798	fidelity = 0.266058
Epoch: 8300	KL = 0.754144	fidelity = 0.268092
Epoch: 8400	KL = 0.753079	fidelity = 0.262126
Epoch: 8500	KL = 0.751959	fidelity = 0.262421
Epoch: 8600	KL = 0.746190	fidelity = 0.271572
Epoch: 8700	KL = 0.742386	fidelity = 0.276535
Epoch: 8800	KL = 0.740941	fidelity = 0.271425
Epoch: 8900	KL = 0.740259	fidelity = 0.266446
Epoch: 9000	KL = 0.733695	fidelity = 0.273190
Epoch: 9100	KL = 0.729815	fidelity = 0.276930
Epoch: 9200	KL = 0.726893	fidelity = 0.278213
Epoch: 9300	KL = 0.723525	fidelity = 0.280425
Epoch: 9400	KL = 0.723668	fidelity = 0.276681
Epoch: 9500	KL = 0.717051	fidelity = 0.285496
Epoch: 9600	KL = 0.714882	fidelity = 0.282892
Epoch: 9700	KL = 0.711415	fidelity = 0.285290
Epoch: 9800	KL = 0.704061	fidelity = 0.292176
Epoch: 9900	KL = 0.700885	fidelity = 0.291803
Epoch: 10000	KL = 0.693070	fidelity = 0.297781
Total time elapsed during training: 274.221 s
Traceback (most recent call last):
  File "/project/th-scratch/h/Hannah.Lange/Projektpraktikum/Part2_Hiwi/Qucumber_Development/qucumber/callbacks/metric_evaluator.py", line 86, in __getattr__
    return np.array([values[metric] for _, values in self.past_values])
  File "/project/th-scratch/h/Hannah.Lange/Projektpraktikum/Part2_Hiwi/Qucumber_Development/qucumber/callbacks/metric_evaluator.py", line 86, in <listcomp>
    return np.array([values[metric] for _, values in self.past_values])
KeyError: 'rescaled_fidelity'

During handling of the above exception, another exception occurred:

Traceback (most recent call last):
  File "qiskit_example.py", line 40, in <module>
    fid_dict[i][sample_no] = tom.callbacks[0]["rescaled_fidelity"]
  File "/project/th-scratch/h/Hannah.Lange/Projektpraktikum/Part2_Hiwi/Qucumber_Development/qucumber/callbacks/metric_evaluator.py", line 93, in __getitem__
    return self.__getattr__(metric)
  File "/project/th-scratch/h/Hannah.Lange/Projektpraktikum/Part2_Hiwi/Qucumber_Development/qucumber/callbacks/metric_evaluator.py", line 88, in __getattr__
    raise AttributeError
AttributeError
